<Li><b>All the ps files in this folder are golden files for the test<br>
cases in PostscriptRenderTest.</b>
<li>PostscriptRenderTest uses postscript emitter to render many report<br>
designs with various report items. The result files are all in current<br>
working folder. The result files should be compared manually to the<br>
golden file which has same name as it to make sure they are same.
